mysql> SHOW TABLES;
+-----------------------+
| Tables_in_laravel_db  |
+-----------------------+
| cache                 |
| cache_locks           |
| failed_jobs           |
| incomes               |
| job_batches           |
| jobs                  |
| migrations            |
| orders                |
| password_reset_tokens |
| sales                 |
| sessions              |
| stocks                |
| users                 |
+-----------------------+
13 rows in set (0.00 sec)
mysql> SELECT * FROM orders LIMIT 10;
+----+----------------------+---------------------+------------------+------------------+------------------+-----------+-------------+------------------+--------------------------+-------------------------------------------+-----------+------+-----------+------------------+------------------+------------------+-----------+---------------------+---------------------+---------------------+
| id | g_number             | date                | last_change_date | supplier_article | tech_size        | barcode   | total_price | discount_percent | warehouse_name           | oblast                
                    | income_id | odid | nm_id     | subject          | category         | brand            | is_cancel | cancel_dt           | created_at          | updated_at          |
+----+----------------------+---------------------+------------------+------------------+------------------+-----------+-------------+------------------+--------------------------+-------------------------------------------+-----------+------+-----------+------------------+------------------+------------------+-----------+---------------------+---------------------+---------------------+
|  1 | 8920560771121873123  | 2025-03-09 20:24:18 | 2025-03-10       | c88c5018511d87a8 | 66e7dff9f98764da | 212416691 |     6538.15 |            13.00 | Краснодар       | Республика Крым             |  24489201 | 0    | 126373749 | bac0461335ae5efa | 9f463620982b6cc9 | c88460ca41fdbb82 |         0 | NULL                | 2025-03-24 17:24:22 | 2025-03-24 17:24:22 |
|  2 | 1099533604168940891  | 2025-03-10 09:52:15 | 2025-03-10       | c360d092cf0b75b1 | 66e7dff9f98764da | 228582846 |     3218.55 |            41.00 | Чашниково       | Свердловская область   |         0 | 0    | 418576674 | 716cae14263ef4b7 | 9f463620982b6cc9 | 89edf2b23057232f |         0 | NULL                | 2025-03-24 17:24:22 | 2025-03-24 17:24:22 |
|  3 | 94293152785358277320 | 2025-03-10 18:55:41 | 2025-03-10       | 7f0688267b22d0c5 | 66e7dff9f98764da | 282653516 |     3354.00 |            29.00 | Электросталь | Республика Татарстан   |  27126421 | 0    | 373103876 | 171d8b541e5f5cc1 | 9f463620982b6cc9 | e129baf5351375dd |         0 | NULL                | 2025-03-24 17:24:22 | 2025-03-24 17:24:22 |
|  4 | 97415044954412448475 | 2025-03-11 11:02:11 | 2025-03-11       | 4ce483293f453595 | 66e7dff9f98764da | 868133416 |     5293.30 |            14.00 | Электросталь | Московская область       |  27268680 | 0    | 201668201 | f694ab2be55693c7 | 9f463620982b6cc9 | a66c77274e96b48c |         0 | NULL                | 2025-03-24 17:24:22 | 2025-03-24 17:24:22 |
|  5 | 9206720755675657970  | 2025-03-11 13:32:15 | 2025-03-11       | 0bd4024964e4645d | 66e7dff9f98764da | 204428427 |     1322.25 |            45.00 | Краснодар       | Краснодарский край       |  26929872 | 0    | 613791486 | dd6ad32ea8eeb9eb | 9f463620982b6cc9 | e129baf5351375dd |         0 | NULL                | 2025-03-24 17:24:22 | 2025-03-24 17:24:22 |
|  6 | 97418726007307029741 | 2025-03-11 19:37:50 | 2025-03-18       | 65e4616d9351858e | 66e7dff9f98764da | 593076056 |     7963.60 |             4.00 | Электросталь | Волгоградская область |  27268680 | 0    | 927138525 | bac0461335ae5efa | 9f463620982b6cc9 | e129baf5351375dd |         1 | 2025-03-18 00:00:00 | 2025-03-24 17:24:22 | 2025-03-24 17:24:22 |
|  7 | 3843341203607035161  | 2025-03-11 19:16:54 | 2025-03-11       | 57ab0838f83c6a55 | 66e7dff9f98764da | 737642628 |     6295.20 |            23.00 | Казань             | Нижегородская область |  26706623 | 0    | -39841197 | 716cae14263ef4b7 | 9f463620982b6cc9 | a66c77274e96b48c |         0 | NULL                | 2025-03-24 17:24:22 | 2025-03-24 17:24:22 |
|  8 | 8699937049987431674  | 2025-03-11 21:43:32 | 2025-03-12       | 2d7dbce3a5f079f6 | 66e7dff9f98764da | 111643720 |     5693.20 |            24.00 | Электросталь | Москва                            
  |  25325425 | 0    | 284989242 | c4d5099050643bb7 | 9f463620982b6cc9 | e129baf5351375dd |         0 | NULL                | 2025-03-24 17:24:22 | 2025-03-24 17:24:22 |
|  9 | 4182710603600957867  | 2025-03-11 18:33:23 | 2025-03-12       | 6527611f38db1053 | 66e7dff9f98764da | 857464410 |     5508.30 |            19.00 | Электросталь | Московская область       |  26318475 | 0    | 738388961 | bac0461335ae5efa | 9f463620982b6cc9 | e129baf5351375dd |         0 | NULL                | 2025-03-24 17:24:22 | 2025-03-24 17:24:22 |
| 10 | 1325665589675753309  | 2025-03-12 05:44:13 | 2025-03-12       | bca8ca5f8581ca84 | 66e7dff9f98764da | 635905016 |     1640.45 |             9.00 | Чехов 2             | Свердловская область   |  27249749 | 0    | 194821700 | 716cae14263ef4b7 | 9f463620982b6cc9 | a66c77274e96b48c |         0 | NULL                | 2025-03-24 17:24:22 | 2025-03-24 17:24:22 |
+----+----------------------+---------------------+------------------+------------------+------------------+-----------+-------------+------------------+--------------------------+-------------------------------------------+-----------+------+-----------+------------------+------------------+------------------+-----------+---------------------+---------------------+---------------------+
10 rows in set (0.00 sec)

mysql> SELECT * FROM sales LIMIT 10;
+----+--------------+------+------------------+------------------+-----------+---------+-------------+------------------+-----------+----------------+---------------------+--------------------------------------------------------+--------------+-------------------+-------------+-----------+------+-----------+------------------+------------------+------------------+-----------+---------------------+---------------------+
| id | sale_number  | date | last_change_date | supplier_article | tech_size | barcode | total_price | discount_percent | is_supply | is_realization | promo_code_discount | warehouse_name                
                         | country_name | oblast_okrug_name | region_name | income_id | odid | nm_id     | subject          | category         | brand            | is_storno | created_at          | updated_at          |
+----+--------------+------+------------------+------------------+-----------+---------+-------------+------------------+-----------+----------------+---------------------+--------------------------------------------------------+--------------+-------------------+-------------+-----------+------+-----------+------------------+------------------+------------------+-----------+---------------------+---------------------+
|  1 | S15758793964 | NULL | NULL             | NULL             | NULL      |    NULL |        NULL |             4.00 |         0 |              1 | NULL                | Электросталь                  
             | NULL         | NULL              | NULL        |      NULL | NULL | 905559214 | bac0461335ae5efa | 9f463620982b6cc9 | e129baf5351375dd |      NULL | 2025-03-24 17:29:12 | 2025-03-24 17:29:12 |
|  2 | S15772796738 | NULL | NULL             | NULL             | NULL      |    NULL |        NULL |            38.00 |         0 |              1 | NULL                | Чашниково                     
                | NULL         | NULL              | NULL        |      NULL | NULL | 956963339 | 716cae14263ef4b7 | 9f463620982b6cc9 | ece62a90af398179 |      NULL | 2025-03-24 17:29:12 | 2025-03-24 17:29:12 |
|  3 | S15773170942 | NULL | NULL             | NULL             | NULL      |    NULL |        NULL |            34.00 |         0 |              1 | NULL                | Чашниково                     
                | NULL         | NULL              | NULL        |      NULL | NULL |  44403861 | 7f4f61753a178663 | 9f463620982b6cc9 | f200ee5a096b5764 |      NULL | 2025-03-24 17:29:12 | 2025-03-24 17:29:12 |
|  4 | S15773303131 | NULL | NULL             | NULL             | NULL      |    NULL |        NULL |             3.00 |         0 |              1 | NULL                | Екатеринбург - Испытателей 14г | NULL         | NULL              | NULL        |      NULL | NULL | 927138525 | bac0461335ae5efa | 9f463620982b6cc9 | e129baf5351375dd |      NULL | 2025-03-24 17:29:12 | 2025-03-24 17:29:12 |        
|  5 | S15773521497 | NULL | NULL             | NULL             | NULL      |    NULL |        NULL |            18.00 |         0 |              1 | NULL                | Казань                        
                   | NULL         | NULL              | NULL        |      NULL | NULL | 915624795 | ef6b8f13a0d097f3 | 9f463620982b6cc9 | ece62a90af398179 |      NULL | 2025-03-24 17:29:12 | 2025-03-24 17:29:12 |
|  6 | S15774002960 | NULL | NULL             | NULL             | NULL      |    NULL |        NULL |             3.00 |         0 |              1 | NULL                | Электросталь                  
             | NULL         | NULL              | NULL        |      NULL | NULL | 905559214 | bac0461335ae5efa | 9f463620982b6cc9 | e129baf5351375dd |      NULL | 2025-03-24 17:29:12 | 2025-03-24 17:29:12 |
|  7 | S15773811364 | NULL | NULL             | NULL             | NULL      |    NULL |        NULL |            32.00 |         0 |              1 | NULL                | Чехов 2                       
                    | NULL         | NULL              | NULL        |      NULL | NULL | 418724377 | 716cae14263ef4b7 | 9f463620982b6cc9 | a66c77274e96b48c |      NULL | 2025-03-24 17:29:12 | 2025-03-24 17:29:12 |
|  8 | S15775737617 | NULL | NULL             | NULL             | NULL      |    NULL |        NULL |            34.00 |         0 |              1 | NULL                | Чашниково                     
                | NULL         | NULL              | NULL        |      NULL | NULL |  44403861 | 7f4f61753a178663 | 9f463620982b6cc9 | f200ee5a096b5764 |      NULL | 2025-03-24 17:29:12 | 2025-03-24 17:29:12 |
|  9 | S15856966860 | NULL | NULL             | NULL             | NULL      |    NULL |        NULL |            17.00 |         0 |              1 | NULL                | Чехов 2                       
                    | NULL         | NULL              | NULL        |      NULL | NULL | 226895428 | 716cae14263ef4b7 | 9f463620982b6cc9 | a66c77274e96b48c |      NULL | 2025-03-24 17:29:12 | 2025-03-24 17:29:12 |
| 10 | S15777858999 | NULL | NULL             | NULL             | NULL      |    NULL |        NULL |            34.00 |         0 |              1 | NULL                | Электросталь                  
             | NULL         | NULL              | NULL        |      NULL | NULL | 164551199 | 6d22ee62ae1a7d88 | 9f463620982b6cc9 | a66c77274e96b48c |      NULL | 2025-03-24 17:29:12 | 2025-03-24 17:29:12 |
+----+--------------+------+------------------+------------------+-----------+---------+-------------+------------------+-----------+----------------+---------------------+--------------------------------------------------------+--------------+-------------------+-------------+-----------+------+-----------+------------------+------------------+------------------+-----------+---------------------+---------------------+
10 rows in set (0.00 sec)

mysql> SELECT * FROM stocks LIMIT 10;
+----+------------+------------------+------------------+-----------+-----------+----------+-----------+----------------+---------------+--------------------+------------------+--------------------+-----------+---------+----------+-------+---------+----------+----------+---------------------+---------------------+
| id | date       | last_change_date | supplier_article | tech_size | barcode   | quantity | is_supply | is_realization | quantity_full | warehouse_name     | in_way_to_client | in_way_from_client | nm_id     | subject | category | brand | sc_code | price    | discount | created_at          | updated_at          |
+----+------------+------------------+------------------+-----------+-----------+----------+-----------+----------------+---------------+--------------------+------------------+--------------------+-----------+---------+----------+-------+---------+----------+----------+---------------------+---------------------+
|  1 | 2025-03-24 | NULL             | NULL             | NULL      | 613385014 |        5 |      NULL |           NULL |          NULL | Чашниково |             NULL |               NULL | 136828924 | NULL    | NULL     | NULL  | NULL    | 22441.00 |    78.00 | 2025-03-24 17:29:24 | 2025-03-24 17:29:24 |
|  2 | 2025-03-24 | NULL             | NULL             | NULL      | 912863082 |        3 |      NULL |           NULL |          NULL | Чашниково |             NULL |               NULL | 507411960 | NULL    | NULL     | NULL  | NULL    | 19574.00 |    77.00 | 2025-03-24 17:29:24 | 2025-03-24 17:29:24 |
|  3 | 2025-03-24 | NULL             | NULL             | NULL      |  27688652 |       10 |      NULL |           NULL |          NULL | Чашниково |             NULL |               NULL | 470697582 | NULL    | NULL     | NULL  | NULL    | 20717.00 |    82.00 | 2025-03-24 17:29:24 | 2025-03-24 17:29:24 |
|  4 | 2025-03-24 | NULL             | NULL             | NULL      | 607355438 |        3 |      NULL |           NULL |          NULL | Чашниково |             NULL |               NULL | 180587527 | NULL    | NULL     | NULL  | NULL    | 20565.00 |    72.00 | 2025-03-24 17:29:24 | 2025-03-24 17:29:24 |
|  5 | 2025-03-24 | NULL             | NULL             | NULL      | 466460140 |        2 |      NULL |           NULL |          NULL | Чашниково |             NULL |               NULL | 981932900 | NULL    | NULL     | NULL  | NULL    | 20528.00 |    71.00 | 2025-03-24 17:29:24 | 2025-03-24 17:29:24 |
|  6 | 2025-03-24 | NULL             | NULL             | NULL      |  90282863 |        3 |      NULL |           NULL |          NULL | Чашниково |             NULL |               NULL | 901712214 | NULL    | NULL     | NULL  | NULL    | 20666.00 |    71.00 | 2025-03-24 17:29:24 | 2025-03-24 17:29:24 |
|  7 | 2025-03-24 | NULL             | NULL             | NULL      | 138440135 |        3 |      NULL |           NULL |          NULL | Чашниково |             NULL |               NULL | 809523065 | NULL    | NULL     | NULL  | NULL    | 20666.00 |    71.00 | 2025-03-24 17:29:24 | 2025-03-24 17:29:24 |
|  8 | 2025-03-24 | NULL             | NULL             | NULL      | 969264491 |        7 |      NULL |           NULL |          NULL | Чашниково |             NULL |               NULL | 992679301 | NULL    | NULL     | NULL  | NULL    | 20097.00 |    72.00 | 2025-03-24 17:29:24 | 2025-03-24 17:29:24 |
|  9 | 2025-03-24 | NULL             | NULL             | NULL      | 640197347 |        3 |      NULL |           NULL |          NULL | Чашниково |             NULL |               NULL | 297464077 | NULL    | NULL     | NULL  | NULL    | 20494.00 |    68.00 | 2025-03-24 17:29:24 | 2025-03-24 17:29:24 |
| 10 | 2025-03-24 | NULL             | NULL             | NULL      | 281082992 |        7 |      NULL |           NULL |          NULL | Чашниково |             NULL |               NULL | 846430112 | NULL    | NULL     | NULL  | NULL    | 20783.00 |    77.00 | 2025-03-24 17:29:24 | 2025-03-24 17:29:24 |
+----+------------+------------------+------------------+-----------+-----------+----------+-----------+----------------+---------------+--------------------+------------------+--------------------+-----------+---------+----------+-------+---------+----------+----------+---------------------+---------------------+
10 rows in set (0.00 sec)

mysql> SELECT * FROM incomes LIMIT 10;
+----+-----------+--------+------------+------------------+------------------+------------------+-----------+----------+-------------+------------+-----------------------------------+-----------+---------------------+---------------------+
| id | income_id | number | date       | last_change_date | supplier_article | tech_size        | barcode   | quantity | total_price | date_close | warehouse_name                    | nm_id     | created_at          | updated_at          |
+----+-----------+--------+------------+------------------+------------------+------------------+-----------+----------+-------------+------------+-----------------------------------+-----------+---------------------+---------------------+
|  1 |  27732148 |        | 2025-03-14 | 2025-03-18       | 389a6a116452bc3f | 66e7dff9f98764da | 979505904 |      102 |        0.00 | 2025-03-18 | Казань                      | -83054245 | 2025-03-24 17:29:33 | 2025-03-24 17:29:33 |
|  2 |  28093425 |        | 2025-03-22 | 2025-03-22       | 49ee1523f2a8e608 | 66e7dff9f98764da | 824680204 |        1 |        0.00 | 2025-03-22 | Электросталь          |  51499978 | 2025-03-24 17:29:33 | 2025-03-24 17:29:33 |
|  3 |  27876097 |        | 2025-03-21 | 2025-03-22       | 75a1ec0245bc6dfe | 66e7dff9f98764da |  34345736 |       72 |        0.00 | 2025-03-22 | Рязань (Тюшевское) | 631881485 | 2025-03-24 17:29:33 | 2025-03-24 17:29:33 |
|  4 |  27542686 |        | 2025-03-02 | 2025-03-02       | d38017f4c121b17c | 66e7dff9f98764da |  72808922 |        1 |        0.00 | 2025-03-02 | Электросталь          | 138741157 | 2025-03-24 17:29:33 | 2025-03-24 17:29:33 |
|  5 |  27542685 |        | 2025-03-02 | 2025-03-02       | db8b899d5967647e | 66e7dff9f98764da | 406911065 |        1 |        0.00 | 2025-03-02 | Чехов 2                      | 803130642 | 2025-03-24 17:29:33 | 2025-03-24 17:29:33 |
|  6 |  27568836 |        | 2025-03-04 | 2025-03-04       | 145d469bf18d1fbe | 66e7dff9f98764da |  -7690887 |      768 |        0.00 | 2025-03-04 | Электросталь          |  44403861 | 2025-03-24 17:29:33 | 2025-03-24 17:29:33 |
|  7 |  27675424 |        | 2025-03-07 | 2025-03-07       | 2aa4691c5da24ba1 | 66e7dff9f98764da | 915880460 |        1 |        0.00 | 2025-03-07 | Электросталь          | 795087491 | 2025-03-24 17:29:33 | 2025-03-24 17:29:33 |
|  8 |  27824074 |        | 2025-03-13 | 2025-03-13       | d00a5b7ac18e2604 | 66e7dff9f98764da | 668048309 |        1 |        0.00 | 2025-03-13 | Электросталь          | 408367958 | 2025-03-24 17:29:33 | 2025-03-24 17:29:33 |
|  9 |  27848480 |        | 2025-03-17 | 2025-03-17       | 145d469bf18d1fbe | 66e7dff9f98764da |  -7690887 |     1152 |        0.00 | 2025-03-17 | Электросталь          |  44403861 | 2025-03-24 17:29:33 | 2025-03-24 17:29:33 |
| 10 |  27843799 |        | 2025-03-19 | 2025-03-19       | 74743f1be671bbd3 | 66e7dff9f98764da | 496004726 |       25 |        0.00 | 2025-03-19 | Электросталь          | 164551199 | 2025-03-24 17:29:33 | 2025-03-24 17:29:34 |
+----+-----------+--------+------------+------------------+------------------+------------------+-----------+----------+-------------+------------+-----------------------------------+-----------+---------------------+---------------------+
10 rows in set (0.00 sec)
